#-----------------------------------------------------------
# Vivado v2015.4 (64-bit)
# SW Build 1412921 on Wed Nov 18 09:43:45 MST 2015
# IP Build 1412160 on Tue Nov 17 13:47:24 MST 2015
# Start of session at: Tue Nov 25 21:51:35 2025
# Process ID: 7636
# Current directory: C:/Users/BTCOM/Desktop/1_Uni/vivado/Final-Repo/UpperTale
# Command line: vivado.exe -gui_launcher_event rodinguilauncherevent16748 C:\Users\BTCOM\Desktop\1_Uni\vivado\Final-Repo\UpperTale\UpperTale.xpr
# Log file: C:/Users/BTCOM/Desktop/1_Uni/vivado/Final-Repo/UpperTale/vivado.log
# Journal file: C:/Users/BTCOM/Desktop/1_Uni/vivado/Final-Repo/UpperTale\vivado.jou
#-----------------------------------------------------------
start_gui
open_project C:/Users/BTCOM/Desktop/1_Uni/vivado/Final-Repo/UpperTale/UpperTale.xpr
add_files -norecurse {C:/Users/BTCOM/Desktop/1_Uni/vivado/Final-Repo/UpperTale/UpperTale.srcs/sources_1/new/player_colider.v C:/Users/BTCOM/Desktop/1_Uni/vivado/Final-Repo/UpperTale/UpperTale.srcs/sources_1/new/clk_div_display_system.v C:/Users/BTCOM/Desktop/1_Uni/vivado/Final-Repo/UpperTale/UpperTale.srcs/sources_1/new/player_areas.v C:/Users/BTCOM/Desktop/1_Uni/vivado/Final-Repo/UpperTale/UpperTale.srcs/sources_1/new/clk_div_main_system.v C:/Users/BTCOM/Desktop/1_Uni/vivado/Final-Repo/UpperTale/UpperTale.srcs/sources_1/new/topModule.v C:/Users/BTCOM/Desktop/1_Uni/vivado/Final-Repo/UpperTale/UpperTale.srcs/sources_1/new/vga.v C:/Users/BTCOM/Desktop/1_Uni/vivado/Final-Repo/UpperTale/UpperTale.srcs/sources_1/new/clk_div_control_system.v C:/Users/BTCOM/Desktop/1_Uni/vivado/Final-Repo/UpperTale/UpperTale.srcs/sources_1/new/render_areas_color.v}
update_compile_order -fileset sources_1
update_compile_order -fileset sources_1
update_compile_order -fileset sim_1
update_compile_order -fileset sources_1
update_compile_order -fileset sources_1
add_files -fileset constrs_1 -norecurse C:/Users/BTCOM/Desktop/1_Uni/vivado/Final-Repo/UpperTale/UpperTale.srcs/constrs_1/new/constains.xdc
set_property SOURCE_SET sources_1 [get_filesets sim_1]
add_files -fileset sim_1 C:/Users/BTCOM/Desktop/1_Uni/vivado/Final-Repo/UpperTale/UpperTale.srcs/sources_1/new
update_compile_order -fileset sim_1
set_property SOURCE_SET sources_1 [get_filesets sim_1]
add_files -fileset sim_1 -norecurse C:/Users/BTCOM/Desktop/1_Uni/vivado/Final-Repo/UpperTale/UpperTale.srcs/sim_1/new/topSim.v
update_compile_order -fileset sim_1
update_compile_order -fileset sim_1
update_compile_order -fileset sim_1
launch_simulation
source topSim.tcl
set_property -name {xsim.simulate.runtime} -value {5000000ns} -objects [current_fileset -simset]
close_sim
launch_simulation
source topSim.tcl
set_property SOURCE_SET sources_1 [get_filesets sim_1]
add_files -fileset sim_1 C:/Users/BTCOM/Desktop/1_Uni/vivado/Final-Repo/UpperTale/UpperTale.srcs/sim_1
set_property SOURCE_SET sources_1 [get_filesets sim_1]
add_files -fileset sim_1 -norecurse {C:/Users/BTCOM/Desktop/1_Uni/vivado/Final-Repo/UpperTale/UpperTale.srcs/sources_1/new/player_colider.v C:/Users/BTCOM/Desktop/1_Uni/vivado/Final-Repo/UpperTale/UpperTale.srcs/sources_1/new/clk_div_display_system.v C:/Users/BTCOM/Desktop/1_Uni/vivado/Final-Repo/UpperTale/UpperTale.srcs/sources_1/new/player_areas.v C:/Users/BTCOM/Desktop/1_Uni/vivado/Final-Repo/UpperTale/UpperTale.srcs/sources_1/new/vga_test.v C:/Users/BTCOM/Desktop/1_Uni/vivado/Final-Repo/UpperTale/UpperTale.srcs/sources_1/new/clk_div_main_system.v C:/Users/BTCOM/Desktop/1_Uni/vivado/Final-Repo/UpperTale/UpperTale.srcs/sources_1/new/topModule.v C:/Users/BTCOM/Desktop/1_Uni/vivado/Final-Repo/UpperTale/UpperTale.srcs/sources_1/new/vga.v C:/Users/BTCOM/Desktop/1_Uni/vivado/Final-Repo/UpperTale/UpperTale.srcs/sources_1/new/clk_div_control_system.v C:/Users/BTCOM/Desktop/1_Uni/vivado/Final-Repo/UpperTale/UpperTale.srcs/sources_1/new/render_areas_color.v}
update_compile_order -fileset sim_1
remove_files -fileset sim_1 C:/Users/BTCOM/Desktop/1_Uni/vivado/Final-Repo/UpperTale/UpperTale.srcs/sources_1/new/vga_test.v
add_files -norecurse {C:/Users/BTCOM/Desktop/1_Uni/vivado/Final-Repo/UpperTale/UpperTale.srcs/sources_1/new/player_colider.v C:/Users/BTCOM/Desktop/1_Uni/vivado/Final-Repo/UpperTale/UpperTale.srcs/sources_1/new/clk_div_display_system.v C:/Users/BTCOM/Desktop/1_Uni/vivado/Final-Repo/UpperTale/UpperTale.srcs/sources_1/new/player_areas.v C:/Users/BTCOM/Desktop/1_Uni/vivado/Final-Repo/UpperTale/UpperTale.srcs/sources_1/new/vga_test.v C:/Users/BTCOM/Desktop/1_Uni/vivado/Final-Repo/UpperTale/UpperTale.srcs/sources_1/new/clk_div_main_system.v C:/Users/BTCOM/Desktop/1_Uni/vivado/Final-Repo/UpperTale/UpperTale.srcs/sources_1/new/topModule.v C:/Users/BTCOM/Desktop/1_Uni/vivado/Final-Repo/UpperTale/UpperTale.srcs/sources_1/new/vga.v C:/Users/BTCOM/Desktop/1_Uni/vivado/Final-Repo/UpperTale/UpperTale.srcs/sources_1/new/clk_div_control_system.v C:/Users/BTCOM/Desktop/1_Uni/vivado/Final-Repo/UpperTale/UpperTale.srcs/sources_1/new/render_areas_color.v}
update_compile_order -fileset sources_1
