Copyright 1986-2015 Xilinx, Inc. All Rights Reserved.
-----------------------------------------------------------------------------------------------------------------
| Tool Version     : Vivado v.2015.4 (win64) Build 1412921 Wed Nov 18 09:43:45 MST 2015
| Date             : Thu Dec 11 17:56:05 2025
| Host             : Victus running 64-bit major release  (build 9200)
| Command          : report_power -file topModule_power_routed.rpt -pb topModule_power_summary_routed.pb
| Design           : topModule
| Device           : xc7a35tcpg236-1
| Design State     : routed
| Grade            : commercial
| Process          : typical
| Characterization : Production
-----------------------------------------------------------------------------------------------------------------

Power Report

Table of Contents
-----------------
1. Summary
1.1 On-Chip Components
1.2 Power Supply Summary
1.3 Confidence Level
2. Settings
2.1 Environment
2.2 Clock Constraints
3. Detailed Reports
3.1 By Hierarchy

1. Summary
----------

+--------------------------+-------+
| Total On-Chip Power (W)  | 0.134 |
| Dynamic (W)              | 0.062 |
| Device Static (W)        | 0.072 |
| Effective TJA (C/W)      | 5.0   |
| Max Ambient (C)          | 84.3  |
| Junction Temperature (C) | 25.7  |
| Confidence Level         | Low   |
| Setting File             | ---   |
| Simulation Activity File | ---   |
| Design Nets Matched      | NA    |
+--------------------------+-------+


1.1 On-Chip Components
----------------------

+----------------+-----------+----------+-----------+-----------------+
| On-Chip        | Power (W) | Used     | Available | Utilization (%) |
+----------------+-----------+----------+-----------+-----------------+
| Clocks         |     0.003 |        3 |       --- |             --- |
| Slice Logic    |     0.036 |    37878 |       --- |             --- |
|   LUT as Logic |     0.031 |    18328 |     20800 |           88.12 |
|   CARRY4       |     0.004 |     3757 |      8150 |           46.10 |
|   Register     |    <0.001 |     7717 |     41600 |           18.55 |
|   BUFG         |    <0.001 |        5 |        32 |           15.63 |
|   F7/F8 Muxes  |    <0.001 |       29 |     32600 |            0.09 |
|   Others       |     0.000 |      300 |       --- |             --- |
| Signals        |     0.023 |    21633 |       --- |             --- |
| I/O            |    <0.001 |       20 |       106 |           18.87 |
| Static Power   |     0.072 |          |           |                 |
| Total          |     0.134 |          |           |                 |
+----------------+-----------+----------+-----------+-----------------+


1.2 Power Supply Summary
------------------------

+-----------+-------------+-----------+-------------+------------+
| Source    | Voltage (V) | Total (A) | Dynamic (A) | Static (A) |
+-----------+-------------+-----------+-------------+------------+
| Vccint    |       1.000 |     0.071 |       0.062 |      0.010 |
| Vccaux    |       1.800 |     0.013 |       0.000 |      0.013 |
| Vcco33    |       3.300 |     0.001 |       0.000 |      0.001 |
| Vcco25    |       2.500 |     0.000 |       0.000 |      0.000 |
| Vcco18    |       1.800 |     0.000 |       0.000 |      0.000 |
| Vcco15    |       1.500 |     0.000 |       0.000 |      0.000 |
| Vcco135   |       1.350 |     0.000 |       0.000 |      0.000 |
| Vcco12    |       1.200 |     0.000 |       0.000 |      0.000 |
| Vccaux_io |       1.800 |     0.000 |       0.000 |      0.000 |
| Vccbram   |       1.000 |     0.000 |       0.000 |      0.000 |
| MGTAVcc   |       1.000 |     0.000 |       0.000 |      0.000 |
| MGTAVtt   |       1.200 |     0.000 |       0.000 |      0.000 |
| Vccadc    |       1.800 |     0.020 |       0.000 |      0.020 |
+-----------+-------------+-----------+-------------+------------+


1.3 Confidence Level
--------------------

+-----------------------------+------------+--------------------------------------------------------+--------------------------------------------------------------------------------------------------------------------+
| User Input Data             | Confidence | Details                                                | Action                                                                                                             |
+-----------------------------+------------+--------------------------------------------------------+--------------------------------------------------------------------------------------------------------------------+
| Design implementation state | High       | Design is routed                                       |                                                                                                                    |
| Clock nodes activity        | Low        | User specified less than 75% of clocks                 | Provide missing clock activity with a constraint file, simulation results or by editing the "By Clock Domain" view |
| I/O nodes activity          | Low        | More than 75% of inputs are missing user specification | Provide missing input activity with simulation results or by editing the "By Resource Type -> I/Os" view           |
| Internal nodes activity     | Medium     | User specified less than 25% of internal nodes         | Provide missing internal nodes activity with simulation results or by editing the "By Resource Type" views         |
| Device models               | High       | Device models are Production                           |                                                                                                                    |
|                             |            |                                                        |                                                                                                                    |
| Overall confidence level    | Low        |                                                        |                                                                                                                    |
+-----------------------------+------------+--------------------------------------------------------+--------------------------------------------------------------------------------------------------------------------+


2. Settings
-----------

2.1 Environment
---------------

+-----------------------+--------------------------+
| Ambient Temp (C)      | 25.0                     |
| ThetaJA (C/W)         | 5.0                      |
| Airflow (LFM)         | 250                      |
| Heat Sink             | medium (Medium Profile)  |
| ThetaSA (C/W)         | 4.6                      |
| Board Selection       | medium (10"x10")         |
| # of Board Layers     | 12to15 (12 to 15 Layers) |
| Board Temperature (C) | 25.0                     |
+-----------------------+--------------------------+


2.2 Clock Constraints
---------------------

+------------------------+--------+-----------------+
| Clock                  | Domain | Constraint (ns) |
+------------------------+--------+-----------------+
| clk_board_to_topModule | clk    |            10.0 |
+------------------------+--------+-----------------+


3. Detailed Reports
-------------------

3.1 By Hierarchy
----------------

+--------------------------------------------------+-----------+
| Name                                             | Power (W) |
+--------------------------------------------------+-----------+
| topModule                                        |     0.062 |
|   attack_object_reader                           |     0.003 |
|   clk_div_calculation                            |    <0.001 |
|   clk_div_centi_second                           |    <0.001 |
|   clk_div_object_control                         |    <0.001 |
|   clk_div_player_control                         |    <0.001 |
|   clk_div_vga                                    |    <0.001 |
|   game_display_control                           |    <0.001 |
|   game_runtime_execute                           |     0.001 |
|     game_manager_reader                          |    <0.001 |
|   multi_object_collider_runtime_execute          |     0.003 |
|     OBJECTS[0].object_collider_position_control  |    <0.001 |
|     OBJECTS[10].object_collider_position_control |    <0.001 |
|     OBJECTS[11].object_collider_position_control |    <0.001 |
|     OBJECTS[12].object_collider_position_control |    <0.001 |
|     OBJECTS[13].object_collider_position_control |    <0.001 |
|     OBJECTS[14].object_collider_position_control |    <0.001 |
|     OBJECTS[15].object_colider_render            |     0.000 |
|     OBJECTS[15].object_collider_position_control |    <0.001 |
|     OBJECTS[16].object_collider_position_control |    <0.001 |
|     OBJECTS[17].object_collider_position_control |    <0.001 |
|     OBJECTS[18].object_collider_position_control |    <0.001 |
|     OBJECTS[19].object_colider_render            |     0.000 |
|     OBJECTS[19].object_collider_position_control |    <0.001 |
|     OBJECTS[1].object_collider_position_control  |    <0.001 |
|     OBJECTS[20].object_collider_position_control |    <0.001 |
|     OBJECTS[21].object_collider_position_control |    <0.001 |
|     OBJECTS[22].object_colider_render            |     0.000 |
|     OBJECTS[22].object_collider_position_control |    <0.001 |
|     OBJECTS[23].object_collider_position_control |    <0.001 |
|     OBJECTS[24].object_collider_position_control |    <0.001 |
|     OBJECTS[25].object_collider_position_control |    <0.001 |
|     OBJECTS[26].object_collider_position_control |    <0.001 |
|     OBJECTS[27].object_colider_render            |     0.000 |
|     OBJECTS[27].object_collider_position_control |    <0.001 |
|     OBJECTS[28].object_colider_render            |     0.000 |
|     OBJECTS[28].object_collider_position_control |    <0.001 |
|     OBJECTS[29].object_collider_position_control |    <0.001 |
|     OBJECTS[2].object_collider_position_control  |    <0.001 |
|     OBJECTS[3].object_collider_position_control  |    <0.001 |
|     OBJECTS[4].object_collider_position_control  |    <0.001 |
|     OBJECTS[5].object_collider_position_control  |    <0.001 |
|     OBJECTS[6].object_collider_position_control  |    <0.001 |
|     OBJECTS[7].object_collider_position_control  |    <0.001 |
|     OBJECTS[8].object_collider_position_control  |    <0.001 |
|     OBJECTS[9].object_collider_position_control  |    <0.001 |
|   muti_object_trigger_runtime_execute            |     0.034 |
|     OBJECTS[0].object_collider_position_control  |    <0.001 |
|     OBJECTS[10].object_collider_position_control |    <0.001 |
|     OBJECTS[11].object_collider_position_control |    <0.001 |
|     OBJECTS[12].object_collider_position_control |    <0.001 |
|     OBJECTS[13].object_collider_position_control |    <0.001 |
|     OBJECTS[14].object_collider_position_control |    <0.001 |
|     OBJECTS[15].object_collider_position_control |    <0.001 |
|     OBJECTS[16].object_collider_position_control |    <0.001 |
|     OBJECTS[17].object_collider_position_control |    <0.001 |
|     OBJECTS[18].object_collider_position_control |    <0.001 |
|     OBJECTS[19].object_collider_position_control |    <0.001 |
|     OBJECTS[1].object_collider_position_control  |    <0.001 |
|     OBJECTS[20].object_collider_position_control |    <0.001 |
|     OBJECTS[21].object_collider_position_control |    <0.001 |
|     OBJECTS[22].object_collider_position_control |    <0.001 |
|     OBJECTS[23].object_collider_position_control |    <0.001 |
|     OBJECTS[24].object_collider_position_control |    <0.001 |
|     OBJECTS[25].object_collider_position_control |    <0.001 |
|     OBJECTS[26].object_collider_position_control |    <0.001 |
|     OBJECTS[27].object_collider_position_control |    <0.001 |
|     OBJECTS[28].object_collider_position_control |    <0.001 |
|     OBJECTS[29].object_collider_position_control |    <0.001 |
|     OBJECTS[2].object_collider_position_control  |    <0.001 |
|     OBJECTS[30].object_collider_position_control |    <0.001 |
|     OBJECTS[31].object_collider_position_control |    <0.001 |
|     OBJECTS[32].object_collider_position_control |    <0.001 |
|     OBJECTS[33].object_collider_position_control |    <0.001 |
|     OBJECTS[34].object_collider_position_control |    <0.001 |
|     OBJECTS[35].object_collider_position_control |    <0.001 |
|     OBJECTS[36].object_collider_position_control |    <0.001 |
|     OBJECTS[37].object_collider_position_control |    <0.001 |
|     OBJECTS[38].object_collider_position_control |    <0.001 |
|     OBJECTS[39].object_collider_position_control |    <0.001 |
|     OBJECTS[3].object_collider_position_control  |    <0.001 |
|     OBJECTS[40].object_collider_position_control |    <0.001 |
|     OBJECTS[41].object_collider_position_control |    <0.001 |
|     OBJECTS[42].object_collider_position_control |    <0.001 |
|     OBJECTS[43].object_collider_position_control |    <0.001 |
|     OBJECTS[44].object_collider_position_control |    <0.001 |
|     OBJECTS[45].object_collider_position_control |    <0.001 |
|     OBJECTS[46].object_collider_position_control |    <0.001 |
|     OBJECTS[47].object_collider_position_control |    <0.001 |
|     OBJECTS[48].object_colider_render            |     0.000 |
|     OBJECTS[48].object_collider_position_control |    <0.001 |
|     OBJECTS[49].object_collider_position_control |    <0.001 |
|     OBJECTS[4].object_collider_position_control  |    <0.001 |
|     OBJECTS[50].object_collider_position_control |    <0.001 |
|     OBJECTS[51].object_collider_position_control |    <0.001 |
|     OBJECTS[52].object_collider_position_control |    <0.001 |
|     OBJECTS[53].object_collider_position_control |    <0.001 |
|     OBJECTS[54].object_collider_position_control |    <0.001 |
|     OBJECTS[55].object_collider_position_control |    <0.001 |
|     OBJECTS[56].object_collider_position_control |    <0.001 |
|     OBJECTS[57].object_collider_position_control |    <0.001 |
|     OBJECTS[58].object_collider_position_control |    <0.001 |
|     OBJECTS[59].object_colider_render            |     0.000 |
|     OBJECTS[59].object_collider_position_control |    <0.001 |
|     OBJECTS[5].object_collider_position_control  |    <0.001 |
|     OBJECTS[60].object_collider_position_control |    <0.001 |
|     OBJECTS[61].object_collider_position_control |    <0.001 |
|     OBJECTS[62].object_collider_position_control |    <0.001 |
|     OBJECTS[63].object_collider_position_control |    <0.001 |
|     OBJECTS[64].object_collider_position_control |    <0.001 |
|     OBJECTS[65].object_collider_position_control |    <0.001 |
|     OBJECTS[66].object_collider_position_control |    <0.001 |
|     OBJECTS[67].object_collider_position_control |    <0.001 |
|     OBJECTS[68].object_collider_position_control |    <0.001 |
|     OBJECTS[69].object_collider_position_control |    <0.001 |
|     OBJECTS[6].object_collider_position_control  |    <0.001 |
|     OBJECTS[70].object_collider_position_control |    <0.001 |
|     OBJECTS[71].object_collider_position_control |    <0.001 |
|     OBJECTS[72].object_collider_position_control |    <0.001 |
|     OBJECTS[73].object_collider_position_control |    <0.001 |
|     OBJECTS[74].object_collider_position_control |    <0.001 |
|     OBJECTS[75].object_collider_position_control |    <0.001 |
|     OBJECTS[76].object_collider_position_control |    <0.001 |
|     OBJECTS[77].object_collider_position_control |    <0.001 |
|     OBJECTS[78].object_collider_position_control |    <0.001 |
|     OBJECTS[79].object_collider_position_control |    <0.001 |
|     OBJECTS[7].object_collider_position_control  |    <0.001 |
|     OBJECTS[80].object_collider_position_control |    <0.001 |
|     OBJECTS[81].object_collider_position_control |    <0.001 |
|     OBJECTS[82].object_collider_position_control |    <0.001 |
|     OBJECTS[83].object_collider_position_control |    <0.001 |
|     OBJECTS[84].object_collider_position_control |    <0.001 |
|     OBJECTS[85].object_collider_position_control |    <0.001 |
|     OBJECTS[86].object_collider_position_control |    <0.001 |
|     OBJECTS[87].object_collider_position_control |    <0.001 |
|     OBJECTS[88].object_collider_position_control |    <0.001 |
|     OBJECTS[89].object_collider_position_control |    <0.001 |
|     OBJECTS[8].object_collider_position_control  |    <0.001 |
|     OBJECTS[90].object_collider_position_control |    <0.001 |
|     OBJECTS[91].object_collider_position_control |    <0.001 |
|     OBJECTS[92].object_colider_render            |     0.000 |
|     OBJECTS[92].object_collider_position_control |    <0.001 |
|     OBJECTS[93].object_colider_render            |     0.000 |
|     OBJECTS[93].object_collider_position_control |    <0.001 |
|     OBJECTS[94].object_collider_position_control |    <0.001 |
|     OBJECTS[95].object_collider_position_control |    <0.001 |
|     OBJECTS[96].object_collider_position_control |    <0.001 |
|     OBJECTS[97].object_collider_position_control |    <0.001 |
|     OBJECTS[98].object_collider_position_control |    <0.001 |
|     OBJECTS[99].object_colider_render            |     0.000 |
|     OBJECTS[99].object_collider_position_control |    <0.001 |
|     OBJECTS[9].object_collider_position_control  |    <0.001 |
|   platform_object_reader                         |    <0.001 |
|   player_position                                |    <0.001 |
|   universal_render                               |    <0.001 |
|   vga_translate                                  |     0.016 |
+--------------------------------------------------+-----------+


